
Allocating common symbols
Common symbol       size              file

netbufpool          0x4               binaries/net.o
tmp                 0x4               binaries/control_reg.o
readylist           0x2               binaries/ready.o
rfltab              0x5a0             binaries/rflinit.o
netportseed         0x8               binaries/net.o
sleepq              0x2               binaries/clkinit.o
nnames              0x4               binaries/naminit.o
udptab              0x168             binaries/udp.o
minheap             0x4               binaries/meminit.o
marks               0x50              binaries/mark.o
ptab                0x6000            binaries/paging.o
currpid             0x4               binaries/initialize.o
Lf_data             0x20c             binaries/lfsinit.o
porttab             0x2d0             binaries/ptinit.o
girmask             0x2               binaries/evec.o
ttytab              0x110             binaries/ttyinit.o
proctab             0x1db0            binaries/initialize.o
available_heap_size
                    0x4               binaries/initialize.o
prcount             0x4               binaries/initialize.o
lfltab              0xf00             binaries/lflinit.o
rdstab              0x8c              binaries/rdsinit.o
ethertab            0x130             binaries/ethinit.o
NetData             0xb0              binaries/net.o
nmarks              0x4               binaries/mark.o
initsp              0x4               binaries/i386.o
Defer               0x8               binaries/resched.o
semtab              0x4b0             binaries/initialize.o
ftab                0x18000           binaries/paging.o
maxheap             0x4               binaries/meminit.o
preempt             0x4               binaries/clkinit.o
buftab              0xf0              binaries/bufinit.o
Rf_data             0x18              binaries/rfsinit.o
mkmutex             0x4               binaries/mark.o
available_swap_size
                    0x4               binaries/initialize.o
clktime             0x4               binaries/clkinit.o
arpcache            0x140             binaries/arp.o
icmptab             0x230             binaries/icmp.o
nbpools             0x4               binaries/bufinit.o
queuetab            0x980             binaries/queue.o
latency             0x4               binaries/initialize.o
ptnextid            0x4               binaries/ptinit.o
Ram                 0x19000           binaries/raminit.o
ipoqueue            0x2c              binaries/ip.o
stab                0x30000           binaries/paging.o
memlist             0x8               binaries/initialize.o
nametab             0x19a0            binaries/naminit.o
ptfree              0x4               binaries/ptinit.o

Memory Configuration

Name             Origin             Length             Attributes
*default*        0x0000000000000000 0xffffffffffffffff

Linker script and memory map

                0x0000000000100000                physbase = 0x100000
                0x0000000000100000                . = physbase
                0x0000000000100000                . = ALIGN (0x1000)

.text           0x0000000000100000    0x1e000
                0x0000000000100000                text = ABSOLUTE (.)
 *(.text .text.*)
 .text          0x0000000000100000      0x165 binaries/start.o
                0x0000000000100020                entry
                0x000000000010003d                start
                0x00000000001000a5                inb
                0x00000000001000ad                inw
                0x00000000001000b6                inl
                0x00000000001000be                outb
                0x00000000001000c8                outw
                0x00000000001000d3                outl
                0x00000000001000dd                _rtcin
                0x00000000001000e8                ___udivsi3
                0x00000000001000f3                ___divsi3
                0x00000000001000ff                sbzero
                0x000000000010010f                bcopy
                0x0000000000100123                insw
                0x0000000000100139                outsw
                0x000000000010014f                lidt
                0x0000000000100157                jumptocode
                0x000000000010015e                jumptobootcode
 .text          0x0000000000100165      0x3e3 binaries/ascdate.o
                0x0000000000100165                ascdate
 .text          0x0000000000100548       0x14 binaries/bufinit.o
                0x0000000000100548                bufinit
 .text          0x000000000010055c       0x95 binaries/chprio.o
                0x000000000010055c                chprio
 .text          0x00000000001005f1       0x96 binaries/clkhandler.o
                0x00000000001005f1                clkhandler
 .text          0x0000000000100687       0x7e binaries/clkinit.o
                0x0000000000100687                clkinit
 .text          0x0000000000100705       0x75 binaries/close.o
                0x0000000000100705                close
 .text          0x000000000010077a        0x0 binaries/conf.o
 .text          0x000000000010077a       0x7b binaries/control.o
                0x000000000010077a                control
 .text          0x00000000001007f5      0x181 binaries/control_reg.o
                0x00000000001007f5                read_cr0
                0x0000000000100828                read_cr2
                0x000000000010085b                read_cr3
                0x000000000010088e                read_cr4
                0x00000000001008c1                write_cr0
                0x00000000001008f1                write_cr3
                0x0000000000100921                write_cr4
                0x0000000000100951                enable_paging
 .text          0x0000000000100976      0x2d8 binaries/create.o
                0x0000000000100976                create
 .text          0x0000000000100c4e      0x35f binaries/evec.o
                0x0000000000100c4e                initevec
                0x0000000000100ca5                set_evec
                0x0000000000100d47                trap
 .text          0x0000000000100fad       0x19 binaries/exit.o
                0x0000000000100fad                exit
 .text          0x0000000000100fc6       0x8c binaries/freebuf.o
                0x0000000000100fc6                freebuf
 .text          0x0000000000101052      0x172 binaries/freemem.o
                0x0000000000101052                freemem
 .text          0x00000000001011c4       0x8a binaries/getbuf.o
                0x00000000001011c4                getbuf
 .text          0x000000000010124e       0x75 binaries/getc.o
                0x000000000010124e                getc
 .text          0x00000000001012c3       0x74 binaries/getdev.o
                0x00000000001012c3                getdev
 .text          0x0000000000101337       0xd0 binaries/getitem.o
                0x0000000000101337                getfirst
                0x000000000010137c                getlast
                0x00000000001013c3                getitem
 .text          0x0000000000101407      0x10a binaries/getmem.o
                0x0000000000101407                getmem
 .text          0x0000000000101511        0xa binaries/getpid.o
                0x0000000000101511                getpid
 .text          0x000000000010151b       0x7d binaries/getprio.o
                0x000000000010151b                getprio
 .text          0x0000000000101598       0xfb binaries/getstk.o
                0x0000000000101598                getstk
 .text          0x0000000000101693       0x16 binaries/getticks.o
                0x0000000000101693                getticks
 .text          0x00000000001016a9       0x3a binaries/gettime.o
                0x00000000001016a9                gettime
 .text          0x00000000001016e3      0x1ea binaries/getutime.o
                0x00000000001016e3                getutime
 .text          0x00000000001018cd      0x3cc binaries/i386.o
                0x00000000001018cd                setsegs
                0x00000000001019e6                init8259
                0x0000000000101a98                pseg
                0x0000000000101c40                setirmask
 .text          0x0000000000101c99       0x75 binaries/init.o
                0x0000000000101c99                init
 .text          0x0000000000101d0e      0x56e binaries/initialize.o
                0x0000000000101d0e                nulluser
                0x0000000000102223                stop
                0x000000000010224e                delay
 .text          0x000000000010227c       0xde binaries/insert.o
                0x000000000010227c                insert
 .text          0x000000000010235a      0x110 binaries/insertd.o
                0x000000000010235a                insertd
 .text          0x000000000010246a        0xa binaries/ioerr.o
                0x000000000010246a                ioerr
 .text          0x0000000000102474        0xa binaries/ionull.o
                0x0000000000102474                ionull
 .text          0x000000000010247e      0x3db binaries/kill.o
                0x000000000010247e                kill
 .text          0x0000000000102859      0x14e binaries/kprintf.o
                0x0000000000102859                kputc
                0x00000000001028ec                kgetc
                0x000000000010297d                kprintf
 .text          0x00000000001029a7      0x6ed binaries/main.o
                0x00000000001029a7                sync_printf
                0x0000000000102a57                process_info
                0x0000000000102ac5                empty_process
                0x0000000000102ae3                vmalloc_process
                0x0000000000102d28                vmalloc_process2
                0x0000000000102e46                main
 .text          0x0000000000103094       0xb5 binaries/mark.o
                0x0000000000103094                markinit
                0x00000000001030b8                mark
 .text          0x0000000000103149       0xc2 binaries/meminit.o
                0x0000000000103149                meminit
 .text          0x000000000010320b      0x174 binaries/mkbufpool.o
                0x000000000010320b                mkbufpool
 .text          0x000000000010337f       0x94 binaries/newqueue.o
                0x000000000010337f                newqueue
 .text          0x0000000000103413       0x7b binaries/open.o
                0x0000000000103413                open
 .text          0x000000000010348e      0x7ba binaries/pagefault_handler.o
                0x000000000010348e                pagefault_handler
 .text          0x0000000000103c48      0xc7c binaries/paging.o
                0x0000000000103c48                init_frames
                0x0000000000103e6c                get_phy_fr_num
                0x000000000010448a                init_pde
                0x0000000000104529                set_pte
                0x00000000001045d1                init_pte_no_base
                0x0000000000104692                init_pte
                0x000000000010473a                set_pde
                0x00000000001047ca                free_ffs_pages
                0x00000000001047d4                free_swap_pages
                0x00000000001047de                used_ffs_frames
                0x0000000000104839                used_swap_frames
                0x0000000000104894                allocated_virtual_pages
                0x00000000001048be                print_free_list
 .text          0x00000000001048c4       0x20 binaries/panic.o
                0x00000000001048c4                panic
 .text          0x00000000001048e4      0x489 binaries/pci.o
                0x00000000001048e4                pci_init
                0x0000000000104ba1                find_pci_device
                0x0000000000104bef                pci_bios_read_config_byte
                0x0000000000104c2e                pci_bios_read_config_word
                0x0000000000104c70                pci_bios_read_config_dword
                0x0000000000104caf                pci_bios_write_config_byte
                0x0000000000104cf0                pci_bios_write_config_word
                0x0000000000104d32                pci_bios_write_config_dword
 .text          0x0000000000104d6d       0xf1 binaries/ptclear.o
                0x0000000000104d6d                _ptclear
 .text          0x0000000000104e5e       0x9d binaries/ptcount.o
                0x0000000000104e5e                ptcount
 .text          0x0000000000104efb      0x116 binaries/ptcreate.o
                0x0000000000104efb                ptcreate
 .text          0x0000000000105011       0x7f binaries/ptdelete.o
                0x0000000000105011                ptdelete
 .text          0x0000000000105090       0xbf binaries/ptinit.o
                0x0000000000105090                ptinit
 .text          0x000000000010514f      0x11b binaries/ptrecv.o
                0x000000000010514f                ptrecv
 .text          0x000000000010526a       0x77 binaries/ptreset.o
                0x000000000010526a                ptreset
 .text          0x00000000001052e1      0x13d binaries/ptsend.o
                0x00000000001052e1                ptsend
 .text          0x000000000010541e       0x80 binaries/putc.o
                0x000000000010541e                putc
 .text          0x000000000010549e      0x111 binaries/queue.o
                0x000000000010549e                enqueue
                0x0000000000105542                dequeue
 .text          0x00000000001055af       0x7b binaries/read.o
                0x00000000001055af                read
 .text          0x000000000010562a       0x80 binaries/ready.o
                0x000000000010562a                ready
 .text          0x00000000001056aa       0x64 binaries/receive.o
                0x00000000001056aa                receive
 .text          0x000000000010570e       0x60 binaries/recvclr.o
                0x000000000010570e                recvclr
 .text          0x000000000010576e       0xbf binaries/recvtime.o
                0x000000000010576e                recvtime
 .text          0x000000000010582d      0x182 binaries/resched.o
                0x000000000010582d                resched
                0x000000000010593a                resched_cntl
 .text          0x00000000001059af       0xb2 binaries/resume.o
                0x00000000001059af                resume
 .text          0x0000000000105a61       0x79 binaries/seek.o
                0x0000000000105a61                seek
 .text          0x0000000000105ada       0x70 binaries/semcount.o
                0x0000000000105ada                semcount
 .text          0x0000000000105b4a       0xd6 binaries/semcreate.o
                0x0000000000105b4a                semcreate
 .text          0x0000000000105c20       0xcd binaries/semdelete.o
                0x0000000000105c20                semdelete
 .text          0x0000000000105ced       0xcb binaries/semreset.o
                0x0000000000105ced                semreset
 .text          0x0000000000105db8       0xee binaries/send.o
                0x0000000000105db8                send
 .text          0x0000000000105ea6       0xa8 binaries/signal.o
                0x0000000000105ea6                signal
 .text          0x0000000000105f4e       0xd6 binaries/signaln.o
                0x0000000000105f4e                signaln
 .text          0x0000000000106024       0xee binaries/sleep.o
                0x0000000000106024                sleep
                0x0000000000106072                sleepms
 .text          0x0000000000106112      0x193 binaries/stacktrace.o
                0x0000000000106112                stacktrace
 .text          0x00000000001062a5       0xe8 binaries/suspend.o
                0x00000000001062a5                suspend
 .text          0x000000000010638d       0xea binaries/unsleep.o
                0x000000000010638d                unsleep
 .text          0x0000000000106477       0x19 binaries/userret.o
                0x0000000000106477                userret
 .text          0x0000000000106490      0x48a binaries/vcreate.o
                0x0000000000106490                vcreate
 .text          0x000000000010691a      0x61a binaries/vfree.o
                0x000000000010691a                vfree
 .text          0x0000000000106f34      0x4dc binaries/vmalloc.o
                0x0000000000106f34                vmalloc
 .text          0x0000000000107410       0xdf binaries/wait.o
                0x0000000000107410                wait
 .text          0x00000000001074ef       0x72 binaries/wakeup.o
                0x00000000001074ef                wakeup
 .text          0x0000000000107561       0x7b binaries/write.o
                0x0000000000107561                write
 .text          0x00000000001075dc       0x1d binaries/xdone.o
                0x00000000001075dc                xdone
 .text          0x00000000001075f9       0x28 binaries/yield.o
                0x00000000001075f9                yield
 .text          0x0000000000107621       0x11 binaries/abs.o
                0x0000000000107621                abs
 .text          0x0000000000107632       0x8f binaries/atoi.o
                0x0000000000107632                atoi
 .text          0x00000000001076c1       0x8f binaries/atol.o
                0x00000000001076c1                atol
 .text          0x0000000000107750       0x31 binaries/bzero.o
                0x0000000000107750                bzero
 .text          0x0000000000107781        0x0 binaries/ctype_.o
 .text          0x0000000000107781      0x8ed binaries/doprnt.o
                0x0000000000107781                _doprnt
 .text          0x000000000010806e      0x65c binaries/doscan.o
                0x000000000010806e                _doscan
 .text          0x00000000001086ca      0x711 binaries/fdoprnt.o
                0x00000000001086ca                _fdoprnt
 .text          0x0000000000108ddb       0x29 binaries/fgetc.o
                0x0000000000108ddb                fgetc
 .text          0x0000000000108e04       0x75 binaries/fgets.o
                0x0000000000108e04                fgets
 .text          0x0000000000108e79       0x2a binaries/fprintf.o
                0x0000000000108e79                fprintf
 .text          0x0000000000108ea3       0x2c binaries/fputc.o
                0x0000000000108ea3                fputc
 .text          0x0000000000108ecf       0x43 binaries/fputs.o
                0x0000000000108ecf                fputs
 .text          0x0000000000108f12       0x8a binaries/fscanf.o
                0x0000000000108f12                fscanf
 .text          0x0000000000108f9c       0x35 binaries/getchar.o
                0x0000000000108f9c                getchar
 .text          0x0000000000108fd1       0x11 binaries/labs.o
                0x0000000000108fd1                labs
 .text          0x0000000000108fe2        0x0 binaries/memchr.o
 .text          0x0000000000108fe2       0x51 binaries/memcmp.o
                0x0000000000108fe2                memcmp
 .text          0x0000000000109033       0x3f binaries/memcpy.o
                0x0000000000109033                memcpy
 .text          0x0000000000109072       0x30 binaries/memset.o
                0x0000000000109072                memset
 .text          0x00000000001090a2       0x4b binaries/printf.o
                0x00000000001090a2                printf
 .text          0x00000000001090ed       0x38 binaries/putchar.o
                0x00000000001090ed                putchar
 .text          0x0000000000109125      0x27e binaries/qsort.o
                0x0000000000109125                qsort
 .text          0x00000000001093a3       0x63 binaries/rand.o
                0x00000000001093a3                rand
                0x00000000001093bb                rand_r
                0x00000000001093f9                srand
 .text          0x0000000000109406       0x66 binaries/sprintf.o
                0x0000000000109406                sprintf
 .text          0x000000000010946c       0x70 binaries/sscanf.o
                0x000000000010946c                sscanf
 .text          0x00000000001094dc       0x3c binaries/strchr.o
                0x00000000001094dc                strchr
 .text          0x0000000000109518       0x45 binaries/strcmp.o
                0x0000000000109518                strcmp
 .text          0x000000000010955d       0x27 binaries/strcpy.o
                0x000000000010955d                strcpy
 .text          0x0000000000109584       0x26 binaries/strlen.o
                0x0000000000109584                strlen
 .text          0x00000000001095aa       0x56 binaries/strncat.o
                0x00000000001095aa                strncat
 .text          0x0000000000109600       0x5f binaries/strncmp.o
                0x0000000000109600                strncmp
 .text          0x000000000010965f       0x4f binaries/strncpy.o
                0x000000000010965f                strncpy
 .text          0x00000000001096ae       0x2e binaries/strnlen.o
                0x00000000001096ae                strnlen
 .text          0x00000000001096dc       0x45 binaries/strrchr.o
                0x00000000001096dc                strrchr
 .text          0x0000000000109721       0x6d binaries/strstr.o
                0x0000000000109721                strstr
 .text          0x000000000010978e       0xe4 binaries/ttycontrol.o
                0x000000000010978e                ttycontrol
 .text          0x0000000000109872       0x97 binaries/ttygetc.o
                0x0000000000109872                ttygetc
 .text          0x0000000000109909      0x6ee binaries/ttyhandle_in.o
                0x0000000000109909                ttyhandle_in
 .text          0x0000000000109ff7      0x1ae binaries/ttyhandle_out.o
                0x0000000000109ff7                ttyhandle_out
 .text          0x000000000010a1a5       0xce binaries/ttyhandler.o
                0x000000000010a1a5                ttyhandler
 .text          0x000000000010a273      0x22f binaries/ttyinit.o
                0x000000000010a273                ttyinit
 .text          0x000000000010a4a2       0x1b binaries/ttykickout.o
                0x000000000010a4a2                ttykickout
 .text          0x000000000010a4bd       0xb7 binaries/ttyputc.o
                0x000000000010a4bd                ttyputc
 .text          0x000000000010a574      0x11b binaries/ttyread.o
                0x000000000010a574                ttyread
 .text          0x000000000010a68f       0x4f binaries/ttywrite.o
                0x000000000010a68f                ttywrite
 .text          0x000000000010a6de      0x14b binaries/mount.o
                0x000000000010a6de                mount
                0x000000000010a7f3                namlen
 .text          0x000000000010a829      0x1ea binaries/naminit.o
                0x000000000010a829                naminit
 .text          0x000000000010aa13      0x211 binaries/nammap.o
                0x000000000010aa13                nammap
                0x000000000010aa9e                namrepl
                0x000000000010abd4                namcpy
 .text          0x000000000010ac24       0x4e binaries/namopen.o
                0x000000000010ac24                namopen
 .text          0x000000000010ac72      0xec3 binaries/82545EMInit.o
                0x000000000010acd0                _82545EMInit
                0x000000000010b9a1                _82545EM_read_phy_reg
                0x000000000010ba67                _82545EM_write_phy_reg
 .text          0x000000000010bb35      0x241 binaries/ethcontrol.o
                0x000000000010bb93                ethcontrol
                0x000000000010bd09                ethIrqDisable
                0x000000000010bd3e                ethIrqEnable
 .text          0x000000000010bd76      0x252 binaries/ethhandler.o
                0x000000000010bee6                ethhandler
 .text          0x000000000010bfc8      0x126 binaries/ethinit.o
                0x000000000010bfc8                ethinit
 .text          0x000000000010c0ee      0x1f4 binaries/ethread.o
                0x000000000010c14c                ethread
 .text          0x000000000010c2e2      0x19f binaries/ethwrite.o
                0x000000000010c340                ethwrite
 .text          0x000000000010c481       0x9e binaries/rdsbufalloc.o
                0x000000000010c481                rdsbufalloc
 .text          0x000000000010c51f       0xcc binaries/rdsclose.o
                0x000000000010c51f                rdsclose
 .text          0x000000000010c5eb      0x2e8 binaries/rdscomm.o
                0x000000000010c5eb                rdscomm
 .text          0x000000000010c8d3      0x233 binaries/rdscontrol.o
                0x000000000010c8d3                rdscontrol
 .text          0x000000000010cb06      0x1f3 binaries/rdsinit.o
                0x000000000010cb06                rdsinit
 .text          0x000000000010ccf9      0x19b binaries/rdsopen.o
                0x000000000010ccf9                rdsopen
 .text          0x000000000010ce94      0x461 binaries/rdsprocess.o
                0x000000000010ce94                rdsprocess
 .text          0x000000000010d2f5      0x259 binaries/rdsread.o
                0x000000000010d2f5                rdsread
 .text          0x000000000010d54e      0x1fe binaries/rdswrite.o
                0x000000000010d54e                rdswrite
 .text          0x000000000010d74c        0xa binaries/ramclose.o
                0x000000000010d74c                ramclose
 .text          0x000000000010d756       0x3e binaries/raminit.o
                0x000000000010d756                raminit
 .text          0x000000000010d794        0xa binaries/ramopen.o
                0x000000000010d794                ramopen
 .text          0x000000000010d79e       0x32 binaries/ramread.o
                0x000000000010d79e                ramread
 .text          0x000000000010d7d0       0x32 binaries/ramwrite.o
                0x000000000010d7d0                ramwrite
 .text          0x000000000010d802       0x98 binaries/lfdballoc.o
                0x000000000010d802                lfdballoc
 .text          0x000000000010d89a       0x58 binaries/lfdbfree.o
                0x000000000010d89a                lfdbfree
 .text          0x000000000010d8f2       0xb6 binaries/lfflush.o
                0x000000000010d8f2                lfflush
 .text          0x000000000010d9a8       0xd8 binaries/lfgetmode.o
                0x000000000010d9a8                lfgetmode
 .text          0x000000000010da80       0x68 binaries/lfiballoc.o
                0x000000000010da80                lfiballoc
 .text          0x000000000010dae8       0x3b binaries/lfibclear.o
                0x000000000010dae8                lfibclear
 .text          0x000000000010db23       0xad binaries/lfibget.o
                0x000000000010db23                lfibget
 .text          0x000000000010dbd0       0xdc binaries/lfibput.o
                0x000000000010dbd0                lfibput
 .text          0x000000000010dcac       0xa2 binaries/lflclose.o
                0x000000000010dcac                lflclose
 .text          0x000000000010dd4e       0xd0 binaries/lflcontrol.o
                0x000000000010dd4e                lflcontrol
 .text          0x000000000010de1e       0xf2 binaries/lflgetc.o
                0x000000000010de1e                lflgetc
 .text          0x000000000010df10       0xf1 binaries/lflinit.o
                0x000000000010df10                lflinit
 .text          0x000000000010e001      0x122 binaries/lflputc.o
                0x000000000010e001                lflputc
 .text          0x000000000010e123       0x70 binaries/lflread.o
                0x000000000010e123                lflread
 .text          0x000000000010e193       0xac binaries/lflseek.o
                0x000000000010e193                lflseek
 .text          0x000000000010e23f       0x55 binaries/lflwrite.o
                0x000000000010e23f                lflwrite
 .text          0x000000000010e294       0x62 binaries/lfscheck.o
                0x000000000010e294                lfscheck
 .text          0x000000000010e2f6      0x175 binaries/lfsckfmt.o
                0x000000000010e2f6                lfsckfmt
 .text          0x000000000010e46b      0x1ad binaries/lfscreate.o
                0x000000000010e46b                lfscreate
 .text          0x000000000010e618      0x278 binaries/lfsetup.o
                0x000000000010e618                lfsetup
 .text          0x000000000010e890       0x51 binaries/lfsinit.o
                0x000000000010e890                lfsinit
 .text          0x000000000010e8e1      0x3c0 binaries/lfsopen.o
                0x000000000010e8e1                lfsopen
 .text          0x000000000010eca1      0x15e binaries/lftruncate.o
                0x000000000010eca1                lftruncate
 .text          0x000000000010edff       0x71 binaries/rflclose.o
                0x000000000010edff                rflclose
 .text          0x000000000010ee70       0x32 binaries/rflgetc.o
                0x000000000010ee70                rflgetc
 .text          0x000000000010eea2       0x76 binaries/rflinit.o
                0x000000000010eea2                rflinit
 .text          0x000000000010ef18       0x33 binaries/rflputc.o
                0x000000000010ef18                rflputc
 .text          0x000000000010ef4b      0x360 binaries/rflread.o
                0x000000000010ef4b                rflread
 .text          0x000000000010f2ab       0x74 binaries/rflseek.o
                0x000000000010f2ab                rflseek
 .text          0x000000000010f31f      0x34d binaries/rflwrite.o
                0x000000000010f31f                rflwrite
 .text          0x000000000010f66c      0x1e2 binaries/rfscomm.o
                0x000000000010f66c                rfscomm
 .text          0x000000000010f84e      0x26d binaries/rfscontrol.o
                0x000000000010f84e                rfscontrol
 .text          0x000000000010fabb       0xd8 binaries/rfsgetmode.o
                0x000000000010fabb                rfsgetmode
 .text          0x000000000010fb93       0x86 binaries/rfsinit.o
                0x000000000010fb93                rfsinit
 .text          0x000000000010fc19      0x111 binaries/rfsndmsg.o
                0x000000000010fc19                rfsndmsg
 .text          0x000000000010fd2a      0x2aa binaries/rfsopen.o
                0x000000000010fd2a                rfsopen
 .text          0x000000000010ffd4      0x836 binaries/arp.o
                0x000000000010ffd4                arp_init
                0x0000000000110006                arp_resolve
                0x00000000001102ba                arp_in
                0x0000000000110572                arp_alloc
                0x0000000000110632                arp_ntoh
                0x000000000011071e                arp_hton
 .text          0x000000000011080a      0x8e3 binaries/dhcp.o
                0x000000000011080a                dhcp_get_opt_val
                0x0000000000110863                dhcp_bld_bootp_msg
                0x0000000000110970                dhcp_bld_disc
                0x0000000000110a59                dhcp_bld_req
                0x0000000000110bcb                getlocalip
 .text          0x00000000001110ed      0x59f binaries/dns.o
                0x00000000001110ed                dnslookup
 .text          0x000000000011168c       0xe8 binaries/dot2ip.o
                0x000000000011168c                dot2ip
 .text          0x0000000000111774      0x4c4 binaries/hexdump.o
                0x0000000000111774                hexdump
                0x000000000011191b                hexadump
 .text          0x0000000000111c38      0x8af binaries/icmp.o
                0x0000000000111c38                icmp_init
                0x0000000000111c6f                icmp_in
                0x0000000000111e45                icmp_register
                0x0000000000111f40                icmp_recv
                0x00000000001120cc                icmp_send
                0x0000000000112154                icmp_mkpkt
                0x000000000011226e                icmp_release
                0x000000000011236c                icmp_cksum
                0x00000000001123ff                icmp_hton
                0x0000000000112473                icmp_ntoh
 .text          0x00000000001124e7      0x8a5 binaries/ip.o
                0x00000000001124e7                ip_in
                0x000000000011266b                ip_send
                0x00000000001127c6                ip_local
                0x0000000000112812                ip_out
                0x000000000011294b                ipcksum
                0x00000000001129d1                ip_ntoh
                0x0000000000112abd                ip_hton
                0x0000000000112ba9                ipout
                0x0000000000112cd8                ip_enqueue
 .text          0x0000000000112d8c      0x2cd binaries/net.o
                0x0000000000112d8c                net_init
                0x0000000000112eb4                netin
                0x0000000000112f71                eth_hton
                0x0000000000112f9b                eth_ntoh
                0x0000000000112fc5                getport
 .text          0x0000000000113059     0x147f binaries/pdump.o
                0x0000000000113059                pdump
                0x0000000000113e16                pdumph
 .text          0x00000000001144d8      0x613 binaries/tftp.o
                0x00000000001144d8                tftp_send1
                0x0000000000114650                tftpget
                0x0000000000114682                tftpget_mb
 .text          0x0000000000114aeb      0xb82 binaries/udp.o
                0x0000000000114aeb                udp_init
                0x0000000000114b20                udp_in
                0x0000000000114c62                udp_register
                0x0000000000114d9f                udp_recv
                0x0000000000114f3b                udp_recvaddr
                0x00000000001150ef                udp_send
                0x00000000001152d7                udp_sendto
                0x0000000000115488                udp_release
                0x0000000000115583                udp_ntoh
                0x00000000001155f8                udp_hton
 .text          0x000000000011566d      0x13c binaries/addargs.o
                0x000000000011566d                addargs
 .text          0x00000000001157a9      0x2c9 binaries/lexan.o
                0x00000000001157a9                lexan
 .text          0x0000000000115a72      0x66b binaries/shell.o
                0x0000000000115a72                shell
 .text          0x00000000001160dd       0x69 binaries/xsh_argecho.o
                0x00000000001160dd                xsh_argecho
 .text          0x0000000000116146      0x275 binaries/xsh_arp.o
                0x0000000000116146                xsh_arp
 .text          0x00000000001163bb      0x28a binaries/xsh_cat.o
                0x00000000001163bb                xsh_cat
 .text          0x0000000000116645       0x62 binaries/xsh_clear.o
                0x0000000000116645                xsh_clear
 .text          0x00000000001166a7      0x30e binaries/xsh_date.o
                0x00000000001166a7                xsh_date
 .text          0x00000000001169b5       0xb2 binaries/xsh_devdump.o
                0x00000000001169b5                xsh_devdump
 .text          0x0000000000116a67       0x72 binaries/xsh_echo.o
                0x0000000000116a67                xsh_echo
 .text          0x0000000000116ad9        0xa binaries/xsh_exit.o
                0x0000000000116ad9                xsh_exit
 .text          0x0000000000116ae3      0x391 binaries/xsh_help.o
                0x0000000000116ae3                xsh_help
 .text          0x0000000000116e74      0x25d binaries/xsh_kill.o
                0x0000000000116e74                xsh_kill
 .text          0x00000000001170d1      0x55d binaries/xsh_memdump.o
                0x00000000001170d1                xsh_memdump
 .text          0x000000000011762e      0x2b7 binaries/xsh_memstat.o
                0x000000000011762e                xsh_memstat
 .text          0x00000000001178e5      0x51d binaries/xsh_netinfo.o
                0x00000000001178e5                xsh_netinfo
 .text          0x0000000000117e02      0x4b3 binaries/xsh_ping.o
                0x0000000000117e02                xsh_ping
 .text          0x00000000001182b5      0x230 binaries/xsh_ps.o
                0x00000000001182b5                xsh_ps
 .text          0x00000000001184e5      0x239 binaries/xsh_sleep.o
                0x00000000001184e5                xsh_sleep
 .text          0x000000000011871e      0x282 binaries/xsh_udpdump.o
                0x000000000011871e                xsh_udpdump
 .text          0x00000000001189a0      0x4ea binaries/xsh_udpecho.o
                0x00000000001189a0                xsh_udpecho
 .text          0x0000000000118e8a      0x2c8 binaries/xsh_udpserver.o
                0x0000000000118e8a                xsh_udpeserver
 .text          0x0000000000119152      0x1fb binaries/xsh_uptime.o
                0x0000000000119152                xsh_uptime
 .text          0x000000000011934d        0xe binaries/clkdisp.o
                0x000000000011934d                clkdisp
 .text          0x000000000011935b       0x19 binaries/ctxsw.o
                0x000000000011935b                ctxsw
 .text          0x0000000000119374      0x36b binaries/intr.o
                0x0000000000119374                disable
                0x000000000011937d                restore
                0x000000000011938b                enable
                0x000000000011938d                pause
                0x0000000000119394                halt
                0x000000000011939a                spurious_irq7
                0x000000000011939f                spurious_irq15
                0x00000000001193ae                _Xint0
                0x00000000001193b9                _Xint1
                0x00000000001193c4                _Xint2
                0x00000000001193cf                _Xint3
                0x00000000001193da                _Xint4
                0x00000000001193e5                _Xint5
                0x00000000001193f0                _Xint6
                0x00000000001193fb                _Xint7
                0x0000000000119406                _Xint8
                0x0000000000119411                _Xint9
                0x000000000011941c                _Xint10
                0x0000000000119427                _Xint11
                0x0000000000119435                _Xint12
                0x0000000000119443                _Xint13
                0x0000000000119451                _Xint14
                0x000000000011945f                _Xint15
                0x000000000011946d                _Xint16
                0x000000000011947b                _Xint17
                0x0000000000119489                _Xint18
                0x0000000000119497                _Xint19
                0x00000000001194a5                _Xint20
                0x00000000001194b3                _Xint21
                0x00000000001194c1                _Xint22
                0x00000000001194cf                _Xint23
                0x00000000001194dd                _Xint24
                0x00000000001194eb                _Xint25
                0x00000000001194f9                _Xint26
                0x0000000000119507                _Xint27
                0x0000000000119515                _Xint28
                0x0000000000119523                _Xint29
                0x0000000000119531                _Xint30
                0x000000000011953f                _Xint31
                0x000000000011954d                _Xint32
                0x000000000011955b                _Xint33
                0x0000000000119569                _Xint34
                0x0000000000119577                _Xint35
                0x0000000000119585                _Xint36
                0x0000000000119593                _Xint37
                0x00000000001195a1                _Xint38
                0x00000000001195af                _Xint39
                0x00000000001195bd                _Xint40
                0x00000000001195cb                _Xint41
                0x00000000001195d9                _Xint42
                0x00000000001195e7                _Xint43
                0x00000000001195f5                _Xint44
                0x0000000000119603                _Xint45
                0x0000000000119611                _Xint46
                0x000000000011961f                defevec
 .text          0x00000000001196df        0xd binaries/pagefault_handler_disp.o
                0x00000000001196df                pagefault_handler_disp
 .text          0x00000000001196ec        0xf binaries/ttydispatch.o
                0x00000000001196ec                ttydispatch
 .text          0x00000000001196fb       0x13 binaries/ethdispatch.o
                0x00000000001196fb                ethdispatch
 *(.rodata .rodata.*)
 *fill*         0x000000000011970e        0x2 
 .rodata        0x0000000000119710       0x8e binaries/ascdate.o
 .rodata        0x000000000011979e       0xae binaries/conf.o
 .rodata        0x000000000011984c      0x22f binaries/evec.o
 *fill*         0x0000000000119a7b        0x1 
 .rodata        0x0000000000119a7c       0x61 binaries/getutime.o
 *fill*         0x0000000000119add        0x3 
 .rodata        0x0000000000119ae0       0x90 binaries/i386.o
 .rodata        0x0000000000119b70      0x180 binaries/initialize.o
 .rodata        0x0000000000119cf0       0x20 binaries/kill.o
 .rodata        0x0000000000119d10      0x39b binaries/main.o
 *fill*         0x000000000011a0ab        0x1 
 .rodata        0x000000000011a0ac      0x14b binaries/pagefault_handler.o
 .rodata        0x000000000011a1f7        0xf binaries/panic.o
 *fill*         0x000000000011a206        0x2 
 .rodata        0x000000000011a208      0x1ec binaries/pci.o
 .rodata        0x000000000011a3f4       0x1d binaries/ptinit.o
 *fill*         0x000000000011a411        0x3 
 .rodata        0x000000000011a414       0x25 binaries/ptsend.o
 *fill*         0x000000000011a439        0x3 
 .rodata        0x000000000011a43c       0xb7 binaries/stacktrace.o
 *fill*         0x000000000011a4f3        0x1 
 .rodata        0x000000000011a4f4       0x3f binaries/vfree.o
 .rodata        0x000000000011a533       0x1b binaries/vmalloc.o
 *fill*         0x000000000011a54e        0x2 
 .rodata        0x000000000011a550       0x27 binaries/xdone.o
 *fill*         0x000000000011a577        0x9 
 .rodata        0x000000000011a580       0x81 binaries/ctype_.o
                0x000000000011a580                _ctype_
 *fill*         0x000000000011a601        0x3 
 .rodata        0x000000000011a604       0xee binaries/doprnt.o
 *fill*         0x000000000011a6f2        0x2 
 .rodata        0x000000000011a6f4       0x98 binaries/doscan.o
 .rodata        0x000000000011a78c       0xae binaries/fdoprnt.o
 *fill*         0x000000000011a83a        0x2 
 .rodata        0x000000000011a83c       0x20 binaries/ttycontrol.o
 .rodata        0x000000000011a85c       0x34 binaries/ttyhandler.o
 .rodata        0x000000000011a890       0x80 binaries/naminit.o
 .rodata        0x000000000011a910       0x2e binaries/82545EMInit.o
 *fill*         0x000000000011a93e        0x2 
 .rodata        0x000000000011a940       0x78 binaries/ethinit.o
 .rodata        0x000000000011a9b8       0x18 binaries/ethread.o
 .rodata        0x000000000011a9d0       0x2c binaries/rdsbufalloc.o
 .rodata        0x000000000011a9fc       0x76 binaries/rdscomm.o
 *fill*         0x000000000011aa72        0x2 
 .rodata        0x000000000011aa74       0x48 binaries/rdscontrol.o
 .rodata        0x000000000011aabc       0x96 binaries/rdsinit.o
 *fill*         0x000000000011ab52        0x2 
 .rodata        0x000000000011ab54       0x22 binaries/rdsopen.o
 *fill*         0x000000000011ab76        0x2 
 .rodata        0x000000000011ab78       0x4d binaries/rdsprocess.o
 .rodata        0x000000000011abc5        0x9 binaries/raminit.o
 *fill*         0x000000000011abce        0x2 
 .rodata        0x000000000011abd0       0x37 binaries/lfdballoc.o
 .rodata        0x000000000011ac07       0x14 binaries/lfiballoc.o
 *fill*         0x000000000011ac1b        0x1 
 .rodata        0x000000000011ac1c       0x23 binaries/lflcontrol.o
 *fill*         0x000000000011ac3f        0x1 
 .rodata        0x000000000011ac40      0x11b binaries/lfsckfmt.o
 *fill*         0x000000000011ad5b        0x1 
 .rodata        0x000000000011ad5c       0x2a binaries/lfsopen.o
 *fill*         0x000000000011ad86        0x2 
 .rodata        0x000000000011ad88       0x21 binaries/rflread.o
 *fill*         0x000000000011ada9        0x3 
 .rodata        0x000000000011adac       0x21 binaries/rflwrite.o
 *fill*         0x000000000011adcd        0x3 
 .rodata        0x000000000011add0       0x75 binaries/rfscomm.o
 *fill*         0x000000000011ae45        0x3 
 .rodata        0x000000000011ae48       0x3c binaries/rfscontrol.o
 .rodata        0x000000000011ae84       0x63 binaries/rfsinit.o
 *fill*         0x000000000011aee7        0x1 
 .rodata        0x000000000011aee8       0x2a binaries/rfsndmsg.o
 *fill*         0x000000000011af12        0x2 
 .rodata        0x000000000011af14       0x22 binaries/rfsopen.o
 *fill*         0x000000000011af36        0x2 
 .rodata        0x000000000011af38       0x3a binaries/arp.o
 *fill*         0x000000000011af72        0x2 
 .rodata        0x000000000011af74       0xcf binaries/dhcp.o
 .rodata        0x000000000011b043       0x1a binaries/dns.o
 *fill*         0x000000000011b05d        0x3 
 .rodata        0x000000000011b060       0xc9 binaries/hexdump.o
 *fill*         0x000000000011b129        0x3 
 .rodata        0x000000000011b12c       0x29 binaries/icmp.o
 *fill*         0x000000000011b155        0x3 
 .rodata        0x000000000011b158       0x6e binaries/ip.o
 *fill*         0x000000000011b1c6        0x2 
 .rodata        0x000000000011b1c8       0x4f binaries/net.o
 *fill*         0x000000000011b217        0x1 
 .rodata        0x000000000011b218      0x26f binaries/pdump.o
 *fill*         0x000000000011b487        0x1 
 .rodata        0x000000000011b488      0x154 binaries/tftp.o
 *fill*         0x000000000011b5dc        0x4 
 .rodata        0x000000000011b5e0      0x3c1 binaries/shell.o
                0x000000000011b660                cmdtab
 .rodata        0x000000000011b9a1       0x28 binaries/xsh_argecho.o
 *fill*         0x000000000011b9c9        0x3 
 .rodata        0x000000000011b9cc      0x123 binaries/xsh_arp.o
 *fill*         0x000000000011baef        0x1 
 .rodata        0x000000000011baf0       0xc9 binaries/xsh_cat.o
 .rodata        0x000000000011bbb9       0x19 binaries/xsh_clear.o
 *fill*         0x000000000011bbd2        0x2 
 .rodata        0x000000000011bbd4      0x1c3 binaries/xsh_date.o
 .rodata        0x000000000011bd97       0x5d binaries/xsh_devdump.o
 .rodata        0x000000000011bdf4        0x9 binaries/xsh_echo.o
 *fill*         0x000000000011bdfd        0x3 
 .rodata        0x000000000011be00      0x169 binaries/xsh_help.o
 *fill*         0x000000000011bf69        0x3 
 .rodata        0x000000000011bf6c      0x12e binaries/xsh_kill.o
 *fill*         0x000000000011c09a        0x2 
 .rodata        0x000000000011c09c      0x266 binaries/xsh_memdump.o
 *fill*         0x000000000011c302        0x2 
 .rodata        0x000000000011c304      0x225 binaries/xsh_memstat.o
 *fill*         0x000000000011c529        0x3 
 .rodata        0x000000000011c52c      0x1b0 binaries/xsh_netinfo.o
 .rodata        0x000000000011c6dc      0x1a1 binaries/xsh_ping.o
 *fill*         0x000000000011c87d        0x3 
 .rodata        0x000000000011c880      0x1e0 binaries/xsh_ps.o
 .rodata        0x000000000011ca60       0xeb binaries/xsh_sleep.o
 *fill*         0x000000000011cb4b        0x1 
 .rodata        0x000000000011cb4c      0x1b8 binaries/xsh_udpdump.o
 .rodata        0x000000000011cd04      0x215 binaries/xsh_udpecho.o
 *fill*         0x000000000011cf19        0x3 
 .rodata        0x000000000011cf1c      0x12b binaries/xsh_udpserver.o
 *fill*         0x000000000011d047        0x1 
 .rodata        0x000000000011d048      0x105 binaries/xsh_uptime.o
                0x000000000011d14d                etext = ABSOLUTE (.)
                0x000000000011e000                . = ALIGN (0x1000)
 *fill*         0x000000000011d14d      0xeb3 

.eh_frame       0x000000000011e000     0x3024
 .eh_frame      0x000000000011e000       0x38 binaries/ascdate.o
 .eh_frame      0x000000000011e038       0x20 binaries/bufinit.o
                                         0x38 (size before relaxing)
 .eh_frame      0x000000000011e058       0x20 binaries/chprio.o
                                         0x38 (size before relaxing)
 .eh_frame      0x000000000011e078       0x20 binaries/clkhandler.o
                                         0x38 (size before relaxing)
 .eh_frame      0x000000000011e098       0x20 binaries/clkinit.o
                                         0x38 (size before relaxing)
 .eh_frame      0x000000000011e0b8       0x20 binaries/close.o
                                         0x38 (size before relaxing)
 .eh_frame      0x000000000011e0d8       0x20 binaries/control.o
                                         0x38 (size before relaxing)
 .eh_frame      0x000000000011e0f8      0x100 binaries/control_reg.o
                                        0x118 (size before relaxing)
 .eh_frame      0x000000000011e1f8       0x40 binaries/create.o
                                         0x58 (size before relaxing)
 .eh_frame      0x000000000011e238       0x60 binaries/evec.o
                                         0x78 (size before relaxing)
 .eh_frame      0x000000000011e298       0x20 binaries/exit.o
                                         0x38 (size before relaxing)
 .eh_frame      0x000000000011e2b8       0x20 binaries/freebuf.o
                                         0x38 (size before relaxing)
 .eh_frame      0x000000000011e2d8       0x20 binaries/freemem.o
                                         0x38 (size before relaxing)
 .eh_frame      0x000000000011e2f8       0x20 binaries/getbuf.o
                                         0x38 (size before relaxing)
 .eh_frame      0x000000000011e318       0x20 binaries/getc.o
                                         0x38 (size before relaxing)
 .eh_frame      0x000000000011e338       0x20 binaries/getdev.o
                                         0x38 (size before relaxing)
 .eh_frame      0x000000000011e358       0x60 binaries/getitem.o
                                         0x78 (size before relaxing)
 .eh_frame      0x000000000011e3b8       0x20 binaries/getmem.o
                                         0x38 (size before relaxing)
 .eh_frame      0x000000000011e3d8       0x20 binaries/getpid.o
                                         0x38 (size before relaxing)
 .eh_frame      0x000000000011e3f8       0x20 binaries/getprio.o
                                         0x38 (size before relaxing)
 .eh_frame      0x000000000011e418       0x20 binaries/getstk.o
                                         0x38 (size before relaxing)
 .eh_frame      0x000000000011e438       0x20 binaries/getticks.o
                                         0x38 (size before relaxing)
 .eh_frame      0x000000000011e458       0x20 binaries/gettime.o
                                         0x38 (size before relaxing)
 .eh_frame      0x000000000011e478       0x20 binaries/getutime.o
                                         0x38 (size before relaxing)
 .eh_frame      0x000000000011e498       0x8c binaries/i386.o
                                         0xa4 (size before relaxing)
 .eh_frame      0x000000000011e524       0x20 binaries/init.o
                                         0x38 (size before relaxing)
 .eh_frame      0x000000000011e544       0xa0 binaries/initialize.o
                                         0xb8 (size before relaxing)
 .eh_frame      0x000000000011e5e4       0x20 binaries/insert.o
                                         0x38 (size before relaxing)
 .eh_frame      0x000000000011e604       0x20 binaries/insertd.o
                                         0x38 (size before relaxing)
 .eh_frame      0x000000000011e624       0x20 binaries/ioerr.o
                                         0x38 (size before relaxing)
 .eh_frame      0x000000000011e644       0x20 binaries/ionull.o
                                         0x38 (size before relaxing)
 .eh_frame      0x000000000011e664       0x20 binaries/kill.o
                                         0x38 (size before relaxing)
 .eh_frame      0x000000000011e684       0x60 binaries/kprintf.o
                                         0x78 (size before relaxing)
 .eh_frame      0x000000000011e6e4       0xdc binaries/main.o
                                         0xf4 (size before relaxing)
 .eh_frame      0x000000000011e7c0       0x40 binaries/mark.o
                                         0x58 (size before relaxing)
 .eh_frame      0x000000000011e800       0x20 binaries/meminit.o
                                         0x38 (size before relaxing)
 .eh_frame      0x000000000011e820       0x20 binaries/mkbufpool.o
                                         0x38 (size before relaxing)
 .eh_frame      0x000000000011e840       0x20 binaries/newqueue.o
                                         0x38 (size before relaxing)
 .eh_frame      0x000000000011e860       0x20 binaries/open.o
                                         0x38 (size before relaxing)
 .eh_frame      0x000000000011e880       0x24 binaries/pagefault_handler.o
                                         0x3c (size before relaxing)
 .eh_frame      0x000000000011e8a4      0x1a0 binaries/paging.o
                                        0x1b8 (size before relaxing)
 .eh_frame      0x000000000011ea44       0x1c binaries/panic.o
                                         0x34 (size before relaxing)
 .eh_frame      0x000000000011ea60      0x1c8 binaries/pci.o
                                        0x1e0 (size before relaxing)
 .eh_frame      0x000000000011ec28       0x20 binaries/ptclear.o
                                         0x38 (size before relaxing)
 .eh_frame      0x000000000011ec48       0x20 binaries/ptcount.o
                                         0x38 (size before relaxing)
 .eh_frame      0x000000000011ec68       0x20 binaries/ptcreate.o
                                         0x38 (size before relaxing)
 .eh_frame      0x000000000011ec88       0x20 binaries/ptdelete.o
                                         0x38 (size before relaxing)
 .eh_frame      0x000000000011eca8       0x20 binaries/ptinit.o
                                         0x38 (size before relaxing)
 .eh_frame      0x000000000011ecc8       0x20 binaries/ptrecv.o
                                         0x38 (size before relaxing)
 .eh_frame      0x000000000011ece8       0x20 binaries/ptreset.o
                                         0x38 (size before relaxing)
 .eh_frame      0x000000000011ed08       0x20 binaries/ptsend.o
                                         0x38 (size before relaxing)
 .eh_frame      0x000000000011ed28       0x20 binaries/putc.o
                                         0x38 (size before relaxing)
 .eh_frame      0x000000000011ed48       0x40 binaries/queue.o
                                         0x58 (size before relaxing)
 .eh_frame      0x000000000011ed88       0x20 binaries/read.o
                                         0x38 (size before relaxing)
 .eh_frame      0x000000000011eda8       0x24 binaries/ready.o
                                         0x3c (size before relaxing)
 .eh_frame      0x000000000011edcc       0x20 binaries/receive.o
                                         0x38 (size before relaxing)
 .eh_frame      0x000000000011edec       0x20 binaries/recvclr.o
                                         0x38 (size before relaxing)
 .eh_frame      0x000000000011ee0c       0x20 binaries/recvtime.o
                                         0x38 (size before relaxing)
 .eh_frame      0x000000000011ee2c       0x40 binaries/resched.o
                                         0x58 (size before relaxing)
 .eh_frame      0x000000000011ee6c       0x20 binaries/resume.o
                                         0x38 (size before relaxing)
 .eh_frame      0x000000000011ee8c       0x20 binaries/seek.o
                                         0x38 (size before relaxing)
 .eh_frame      0x000000000011eeac       0x20 binaries/semcount.o
                                         0x38 (size before relaxing)
 .eh_frame      0x000000000011eecc       0x40 binaries/semcreate.o
                                         0x58 (size before relaxing)
 .eh_frame      0x000000000011ef0c       0x20 binaries/semdelete.o
                                         0x38 (size before relaxing)
 .eh_frame      0x000000000011ef2c       0x20 binaries/semreset.o
                                         0x38 (size before relaxing)
 .eh_frame      0x000000000011ef4c       0x20 binaries/send.o
                                         0x38 (size before relaxing)
 .eh_frame      0x000000000011ef6c       0x20 binaries/signal.o
                                         0x38 (size before relaxing)
 .eh_frame      0x000000000011ef8c       0x20 binaries/signaln.o
                                         0x38 (size before relaxing)
 .eh_frame      0x000000000011efac       0x40 binaries/sleep.o
                                         0x58 (size before relaxing)
 .eh_frame      0x000000000011efec       0x20 binaries/stacktrace.o
                                         0x38 (size before relaxing)
 .eh_frame      0x000000000011f00c       0x20 binaries/suspend.o
                                         0x38 (size before relaxing)
 .eh_frame      0x000000000011f02c       0x20 binaries/unsleep.o
                                         0x38 (size before relaxing)
 .eh_frame      0x000000000011f04c       0x20 binaries/userret.o
                                         0x38 (size before relaxing)
 .eh_frame      0x000000000011f06c       0x40 binaries/vcreate.o
                                         0x58 (size before relaxing)
 .eh_frame      0x000000000011f0ac       0x20 binaries/vfree.o
                                         0x38 (size before relaxing)
 .eh_frame      0x000000000011f0cc       0x20 binaries/vmalloc.o
                                         0x38 (size before relaxing)
 .eh_frame      0x000000000011f0ec       0x20 binaries/wait.o
                                         0x38 (size before relaxing)
 .eh_frame      0x000000000011f10c       0x20 binaries/wakeup.o
                                         0x38 (size before relaxing)
 .eh_frame      0x000000000011f12c       0x20 binaries/write.o
                                         0x38 (size before relaxing)
 .eh_frame      0x000000000011f14c       0x20 binaries/xdone.o
                                         0x38 (size before relaxing)
 .eh_frame      0x000000000011f16c       0x20 binaries/yield.o
                                         0x38 (size before relaxing)
 .eh_frame      0x000000000011f18c       0x20 binaries/abs.o
                                         0x38 (size before relaxing)
 .eh_frame      0x000000000011f1ac       0x20 binaries/atoi.o
                                         0x38 (size before relaxing)
 .eh_frame      0x000000000011f1cc       0x20 binaries/atol.o
                                         0x38 (size before relaxing)
 .eh_frame      0x000000000011f1ec       0x20 binaries/bzero.o
                                         0x38 (size before relaxing)
 .eh_frame      0x000000000011f20c       0xe0 binaries/doprnt.o
                                         0xf8 (size before relaxing)
 .eh_frame      0x000000000011f2ec       0xb0 binaries/doscan.o
                                         0xc8 (size before relaxing)
 .eh_frame      0x000000000011f39c       0xc0 binaries/fdoprnt.o
                                         0xd8 (size before relaxing)
 .eh_frame      0x000000000011f45c       0x20 binaries/fgetc.o
                                         0x38 (size before relaxing)
 .eh_frame      0x000000000011f47c       0x20 binaries/fgets.o
                                         0x38 (size before relaxing)
 .eh_frame      0x000000000011f49c       0x20 binaries/fprintf.o
                                         0x38 (size before relaxing)
 .eh_frame      0x000000000011f4bc       0x20 binaries/fputc.o
                                         0x38 (size before relaxing)
 .eh_frame      0x000000000011f4dc       0x20 binaries/fputs.o
                                         0x38 (size before relaxing)
 .eh_frame      0x000000000011f4fc       0x60 binaries/fscanf.o
                                         0x78 (size before relaxing)
 .eh_frame      0x000000000011f55c       0x20 binaries/getchar.o
                                         0x38 (size before relaxing)
 .eh_frame      0x000000000011f57c       0x20 binaries/labs.o
                                         0x38 (size before relaxing)
 .eh_frame      0x000000000011f59c       0x20 binaries/memcmp.o
                                         0x38 (size before relaxing)
 .eh_frame      0x000000000011f5bc       0x24 binaries/memcpy.o
                                         0x3c (size before relaxing)
 .eh_frame      0x000000000011f5e0       0x24 binaries/memset.o
                                         0x3c (size before relaxing)
 .eh_frame      0x000000000011f604       0x20 binaries/printf.o
                                         0x38 (size before relaxing)
 .eh_frame      0x000000000011f624       0x20 binaries/putchar.o
                                         0x38 (size before relaxing)
 .eh_frame      0x000000000011f644       0xa8 binaries/qsort.o
                                         0xc0 (size before relaxing)
 .eh_frame      0x000000000011f6ec       0x60 binaries/rand.o
                                         0x78 (size before relaxing)
 .eh_frame      0x000000000011f74c       0x40 binaries/sprintf.o
                                         0x58 (size before relaxing)
 .eh_frame      0x000000000011f78c       0x60 binaries/sscanf.o
                                         0x78 (size before relaxing)
 .eh_frame      0x000000000011f7ec       0x20 binaries/strchr.o
                                         0x38 (size before relaxing)
 .eh_frame      0x000000000011f80c       0x20 binaries/strcmp.o
                                         0x38 (size before relaxing)
 .eh_frame      0x000000000011f82c       0x20 binaries/strcpy.o
                                         0x38 (size before relaxing)
 .eh_frame      0x000000000011f84c       0x20 binaries/strlen.o
                                         0x38 (size before relaxing)
 .eh_frame      0x000000000011f86c       0x20 binaries/strncat.o
                                         0x38 (size before relaxing)
 .eh_frame      0x000000000011f88c       0x20 binaries/strncmp.o
                                         0x38 (size before relaxing)
 .eh_frame      0x000000000011f8ac       0x28 binaries/strncpy.o
                                         0x40 (size before relaxing)
 .eh_frame      0x000000000011f8d4       0x20 binaries/strnlen.o
                                         0x38 (size before relaxing)
 .eh_frame      0x000000000011f8f4       0x20 binaries/strrchr.o
                                         0x38 (size before relaxing)
 .eh_frame      0x000000000011f914       0x20 binaries/strstr.o
                                         0x38 (size before relaxing)
 .eh_frame      0x000000000011f934       0x20 binaries/ttycontrol.o
                                         0x38 (size before relaxing)
 .eh_frame      0x000000000011f954       0x20 binaries/ttygetc.o
                                         0x38 (size before relaxing)
 .eh_frame      0x000000000011f974       0x80 binaries/ttyhandle_in.o
                                         0x98 (size before relaxing)
 .eh_frame      0x000000000011f9f4       0x20 binaries/ttyhandle_out.o
                                         0x38 (size before relaxing)
 .eh_frame      0x000000000011fa14       0x20 binaries/ttyhandler.o
                                         0x38 (size before relaxing)
 .eh_frame      0x000000000011fa34       0x20 binaries/ttyinit.o
                                         0x38 (size before relaxing)
 .eh_frame      0x000000000011fa54       0x20 binaries/ttykickout.o
                                         0x38 (size before relaxing)
 .eh_frame      0x000000000011fa74       0x20 binaries/ttyputc.o
                                         0x38 (size before relaxing)
 .eh_frame      0x000000000011fa94       0x24 binaries/ttyread.o
                                         0x3c (size before relaxing)
 .eh_frame      0x000000000011fab8       0x20 binaries/ttywrite.o
                                         0x38 (size before relaxing)
 .eh_frame      0x000000000011fad8       0x40 binaries/mount.o
                                         0x58 (size before relaxing)
 .eh_frame      0x000000000011fb18       0x20 binaries/naminit.o
                                         0x38 (size before relaxing)
 .eh_frame      0x000000000011fb38       0x60 binaries/nammap.o
                                         0x78 (size before relaxing)
 .eh_frame      0x000000000011fb98       0x20 binaries/namopen.o
                                         0x38 (size before relaxing)
 .eh_frame      0x000000000011fbb8      0x150 binaries/82545EMInit.o
                                        0x168 (size before relaxing)
 .eh_frame      0x000000000011fd08       0xa0 binaries/ethcontrol.o
                                         0xb8 (size before relaxing)
 .eh_frame      0x000000000011fda8       0x80 binaries/ethhandler.o
                                         0x98 (size before relaxing)
 .eh_frame      0x000000000011fe28       0x20 binaries/ethinit.o
                                         0x38 (size before relaxing)
 .eh_frame      0x000000000011fe48       0x60 binaries/ethread.o
                                         0x78 (size before relaxing)
 .eh_frame      0x000000000011fea8       0x60 binaries/ethwrite.o
                                         0x78 (size before relaxing)
 .eh_frame      0x000000000011ff08       0x20 binaries/rdsbufalloc.o
                                         0x38 (size before relaxing)
 .eh_frame      0x000000000011ff28       0x20 binaries/rdsclose.o
                                         0x38 (size before relaxing)
 .eh_frame      0x000000000011ff48       0x20 binaries/rdscomm.o
                                         0x38 (size before relaxing)
 .eh_frame      0x000000000011ff68       0x20 binaries/rdscontrol.o
                                         0x38 (size before relaxing)
 .eh_frame      0x000000000011ff88       0x20 binaries/rdsinit.o
                                         0x38 (size before relaxing)
 .eh_frame      0x000000000011ffa8       0x20 binaries/rdsopen.o
                                         0x38 (size before relaxing)
 .eh_frame      0x000000000011ffc8       0x1c binaries/rdsprocess.o
                                         0x34 (size before relaxing)
 .eh_frame      0x000000000011ffe4       0x20 binaries/rdsread.o
                                         0x38 (size before relaxing)
 .eh_frame      0x0000000000120004       0x20 binaries/rdswrite.o
                                         0x38 (size before relaxing)
 .eh_frame      0x0000000000120024       0x20 binaries/ramclose.o
                                         0x38 (size before relaxing)
 .eh_frame      0x0000000000120044       0x20 binaries/raminit.o
                                         0x38 (size before relaxing)
 .eh_frame      0x0000000000120064       0x20 binaries/ramopen.o
                                         0x38 (size before relaxing)
 .eh_frame      0x0000000000120084       0x20 binaries/ramread.o
                                         0x38 (size before relaxing)
 .eh_frame      0x00000000001200a4       0x20 binaries/ramwrite.o
                                         0x38 (size before relaxing)
 .eh_frame      0x00000000001200c4       0x20 binaries/lfdballoc.o
                                         0x38 (size before relaxing)
 .eh_frame      0x00000000001200e4       0x20 binaries/lfdbfree.o
                                         0x38 (size before relaxing)
 .eh_frame      0x0000000000120104       0x20 binaries/lfflush.o
                                         0x38 (size before relaxing)
 .eh_frame      0x0000000000120124       0x20 binaries/lfgetmode.o
                                         0x38 (size before relaxing)
 .eh_frame      0x0000000000120144       0x20 binaries/lfiballoc.o
                                         0x38 (size before relaxing)
 .eh_frame      0x0000000000120164       0x20 binaries/lfibclear.o
                                         0x38 (size before relaxing)
 .eh_frame      0x0000000000120184       0x20 binaries/lfibget.o
                                         0x38 (size before relaxing)
 .eh_frame      0x00000000001201a4       0x20 binaries/lfibput.o
                                         0x38 (size before relaxing)
 .eh_frame      0x00000000001201c4       0x20 binaries/lflclose.o
                                         0x38 (size before relaxing)
 .eh_frame      0x00000000001201e4       0x20 binaries/lflcontrol.o
                                         0x38 (size before relaxing)
 .eh_frame      0x0000000000120204       0x20 binaries/lflgetc.o
                                         0x38 (size before relaxing)
 .eh_frame      0x0000000000120224       0x20 binaries/lflinit.o
                                         0x38 (size before relaxing)
 .eh_frame      0x0000000000120244       0x20 binaries/lflputc.o
                                         0x38 (size before relaxing)
 .eh_frame      0x0000000000120264       0x20 binaries/lflread.o
                                         0x38 (size before relaxing)
 .eh_frame      0x0000000000120284       0x20 binaries/lflseek.o
                                         0x38 (size before relaxing)
 .eh_frame      0x00000000001202a4       0x20 binaries/lflwrite.o
                                         0x38 (size before relaxing)
 .eh_frame      0x00000000001202c4       0x20 binaries/lfscheck.o
                                         0x38 (size before relaxing)
 .eh_frame      0x00000000001202e4       0x20 binaries/lfsckfmt.o
                                         0x38 (size before relaxing)
 .eh_frame      0x0000000000120304       0x20 binaries/lfscreate.o
                                         0x38 (size before relaxing)
 .eh_frame      0x0000000000120324       0x20 binaries/lfsetup.o
                                         0x38 (size before relaxing)
 .eh_frame      0x0000000000120344       0x20 binaries/lfsinit.o
                                         0x38 (size before relaxing)
 .eh_frame      0x0000000000120364       0x20 binaries/lfsopen.o
                                         0x38 (size before relaxing)
 .eh_frame      0x0000000000120384       0x20 binaries/lftruncate.o
                                         0x38 (size before relaxing)
 .eh_frame      0x00000000001203a4       0x20 binaries/rflclose.o
                                         0x38 (size before relaxing)
 .eh_frame      0x00000000001203c4       0x20 binaries/rflgetc.o
                                         0x38 (size before relaxing)
 .eh_frame      0x00000000001203e4       0x20 binaries/rflinit.o
                                         0x38 (size before relaxing)
 .eh_frame      0x0000000000120404       0x20 binaries/rflputc.o
                                         0x38 (size before relaxing)
 .eh_frame      0x0000000000120424       0x20 binaries/rflread.o
                                         0x38 (size before relaxing)
 .eh_frame      0x0000000000120444       0x20 binaries/rflseek.o
                                         0x38 (size before relaxing)
 .eh_frame      0x0000000000120464       0x20 binaries/rflwrite.o
                                         0x38 (size before relaxing)
 .eh_frame      0x0000000000120484       0x20 binaries/rfscomm.o
                                         0x38 (size before relaxing)
 .eh_frame      0x00000000001204a4       0x20 binaries/rfscontrol.o
                                         0x38 (size before relaxing)
 .eh_frame      0x00000000001204c4       0x20 binaries/rfsgetmode.o
                                         0x38 (size before relaxing)
 .eh_frame      0x00000000001204e4       0x20 binaries/rfsinit.o
                                         0x38 (size before relaxing)
 .eh_frame      0x0000000000120504       0x20 binaries/rfsndmsg.o
                                         0x38 (size before relaxing)
 .eh_frame      0x0000000000120524       0x20 binaries/rfsopen.o
                                         0x38 (size before relaxing)
 .eh_frame      0x0000000000120544       0xc0 binaries/arp.o
                                         0xd8 (size before relaxing)
 .eh_frame      0x0000000000120604       0xa0 binaries/dhcp.o
                                         0xb8 (size before relaxing)
 .eh_frame      0x00000000001206a4       0x80 binaries/dns.o
                                         0x98 (size before relaxing)
 .eh_frame      0x0000000000120724       0x20 binaries/dot2ip.o
                                         0x38 (size before relaxing)
 .eh_frame      0x0000000000120744       0x40 binaries/hexdump.o
                                         0x58 (size before relaxing)
 .eh_frame      0x0000000000120784      0x14c binaries/icmp.o
                                        0x164 (size before relaxing)
 .eh_frame      0x00000000001208d0      0x11c binaries/ip.o
                                        0x134 (size before relaxing)
 .eh_frame      0x00000000001209ec       0xa0 binaries/net.o
                                         0xb8 (size before relaxing)
 .eh_frame      0x0000000000120a8c       0x60 binaries/pdump.o
                                         0x78 (size before relaxing)
 .eh_frame      0x0000000000120aec       0x60 binaries/tftp.o
                                         0x78 (size before relaxing)
 .eh_frame      0x0000000000120b4c      0x140 binaries/udp.o
                                        0x158 (size before relaxing)
 .eh_frame      0x0000000000120c8c       0x20 binaries/addargs.o
                                         0x38 (size before relaxing)
 .eh_frame      0x0000000000120cac       0x20 binaries/lexan.o
                                         0x38 (size before relaxing)
 .eh_frame      0x0000000000120ccc       0x20 binaries/shell.o
                                         0x38 (size before relaxing)
 .eh_frame      0x0000000000120cec       0x20 binaries/xsh_argecho.o
                                         0x38 (size before relaxing)
 .eh_frame      0x0000000000120d0c       0x40 binaries/xsh_arp.o
                                         0x58 (size before relaxing)
 .eh_frame      0x0000000000120d4c       0x20 binaries/xsh_cat.o
                                         0x38 (size before relaxing)
 .eh_frame      0x0000000000120d6c       0x20 binaries/xsh_clear.o
                                         0x38 (size before relaxing)
 .eh_frame      0x0000000000120d8c       0x20 binaries/xsh_date.o
                                         0x38 (size before relaxing)
 .eh_frame      0x0000000000120dac       0x20 binaries/xsh_devdump.o
                                         0x38 (size before relaxing)
 .eh_frame      0x0000000000120dcc       0x20 binaries/xsh_echo.o
                                         0x38 (size before relaxing)
 .eh_frame      0x0000000000120dec       0x20 binaries/xsh_exit.o
                                         0x38 (size before relaxing)
 .eh_frame      0x0000000000120e0c       0x20 binaries/xsh_help.o
                                         0x38 (size before relaxing)
 .eh_frame      0x0000000000120e2c       0x20 binaries/xsh_kill.o
                                         0x38 (size before relaxing)
 .eh_frame      0x0000000000120e4c       0x40 binaries/xsh_memdump.o
                                         0x58 (size before relaxing)
 .eh_frame      0x0000000000120e8c       0x60 binaries/xsh_memstat.o
                                         0x78 (size before relaxing)
 .eh_frame      0x0000000000120eec       0x30 binaries/xsh_netinfo.o
                                         0x48 (size before relaxing)
 .eh_frame      0x0000000000120f1c       0x24 binaries/xsh_ping.o
                                         0x3c (size before relaxing)
 .eh_frame      0x0000000000120f40       0x30 binaries/xsh_ps.o
                                         0x48 (size before relaxing)
 .eh_frame      0x0000000000120f70       0x20 binaries/xsh_sleep.o
                                         0x38 (size before relaxing)
 .eh_frame      0x0000000000120f90       0x20 binaries/xsh_udpdump.o
                                         0x38 (size before relaxing)
 .eh_frame      0x0000000000120fb0       0x30 binaries/xsh_udpecho.o
                                         0x48 (size before relaxing)
 .eh_frame      0x0000000000120fe0       0x24 binaries/xsh_udpserver.o
                                         0x3c (size before relaxing)
 .eh_frame      0x0000000000121004       0x20 binaries/xsh_uptime.o
                                         0x38 (size before relaxing)

.iplt           0x0000000000121030        0x0
 .iplt          0x0000000000121030        0x0 binaries/start.o

.rel.dyn        0x0000000000121024        0x0
 .rel.iplt      0x0000000000121024        0x0 binaries/start.o
 .rel.text      0x0000000000121024        0x0 binaries/start.o
 .rel.data      0x0000000000121024        0x0 binaries/start.o
 .rel.rodata    0x0000000000121024        0x0 binaries/start.o

.data           0x0000000000121040      0xfc0
                0x0000000000121040                data = ABSOLUTE (.)
 *(.data .data.*)
 .data          0x0000000000121040      0x460 binaries/start.o
                0x0000000000121040                gdt
                0x0000000000121080                gdtr
                0x0000000000121086                idt
                0x0000000000121486                idtr
                0x000000000012148c                cpudelay
                0x0000000000121490                _bootdev
                0x0000000000121494                _cyloffset
 .data          0x00000000001214a0       0x88 binaries/ascdate.o
                0x00000000001214a0                Date
 .data          0x0000000000121528        0x0 binaries/bufinit.o
 .data          0x0000000000121528        0x0 binaries/chprio.o
 .data          0x0000000000121528        0x4 binaries/clkhandler.o
 .data          0x000000000012152c        0x0 binaries/clkinit.o
 .data          0x000000000012152c        0x0 binaries/close.o
 *fill*         0x000000000012152c       0x14 
 .data          0x0000000000121540      0x5a0 binaries/conf.o
                0x0000000000121540                devtab
 .data          0x0000000000121ae0        0x0 binaries/control.o
[...]
 .comment       0x000000000000001d       0x1e binaries/pdump.o
 .comment       0x000000000000001d       0x1e binaries/tftp.o
 .comment       0x000000000000001d       0x1e binaries/udp.o
 .comment       0x000000000000001d       0x1e binaries/addargs.o
 .comment       0x000000000000001d       0x1e binaries/lexan.o
 .comment       0x000000000000001d       0x1e binaries/shell.o
 .comment       0x000000000000001d       0x1e binaries/xsh_argecho.o
 .comment       0x000000000000001d       0x1e binaries/xsh_arp.o
 .comment       0x000000000000001d       0x1e binaries/xsh_cat.o
 .comment       0x000000000000001d       0x1e binaries/xsh_clear.o
 .comment       0x000000000000001d       0x1e binaries/xsh_date.o
 .comment       0x000000000000001d       0x1e binaries/xsh_devdump.o
 .comment       0x000000000000001d       0x1e binaries/xsh_echo.o
 .comment       0x000000000000001d       0x1e binaries/xsh_exit.o
 .comment       0x000000000000001d       0x1e binaries/xsh_help.o
 .comment       0x000000000000001d       0x1e binaries/xsh_kill.o
 .comment       0x000000000000001d       0x1e binaries/xsh_memdump.o
 .comment       0x000000000000001d       0x1e binaries/xsh_memstat.o
 .comment       0x000000000000001d       0x1e binaries/xsh_netinfo.o
 .comment       0x000000000000001d       0x1e binaries/xsh_ping.o
 .comment       0x000000000000001d       0x1e binaries/xsh_ps.o
 .comment       0x000000000000001d       0x1e binaries/xsh_sleep.o
 .comment       0x000000000000001d       0x1e binaries/xsh_udpdump.o
 .comment       0x000000000000001d       0x1e binaries/xsh_udpecho.o
 .comment       0x000000000000001d       0x1e binaries/xsh_udpserver.o
 .comment       0x000000000000001d       0x1e binaries/xsh_uptime.o

.note.GNU-stack
                0x0000000000000000        0x0
 .note.GNU-stack
                0x0000000000000000        0x0 binaries/ascdate.o
 .note.GNU-stack
                0x0000000000000000        0x0 binaries/bufinit.o
 .note.GNU-stack
                0x0000000000000000        0x0 binaries/chprio.o
 .note.GNU-stack
                0x0000000000000000        0x0 binaries/clkhandler.o
 .note.GNU-stack
                0x0000000000000000        0x0 binaries/clkinit.o
 .note.GNU-stack
                0x0000000000000000        0x0 binaries/close.o
 .note.GNU-stack
                0x0000000000000000        0x0 binaries/conf.o
 .note.GNU-stack
                0x0000000000000000        0x0 binaries/control.o
 .note.GNU-stack
                0x0000000000000000        0x0 binaries/control_reg.o
 .note.GNU-stack
                0x0000000000000000        0x0 binaries/create.o
 .note.GNU-stack
                0x0000000000000000        0x0 binaries/evec.o
 .note.GNU-stack
                0x0000000000000000        0x0 binaries/exit.o
 .note.GNU-stack
                0x0000000000000000        0x0 binaries/freebuf.o
 .note.GNU-stack
                0x0000000000000000        0x0 binaries/freemem.o
 .note.GNU-stack
                0x0000000000000000        0x0 binaries/getbuf.o
 .note.GNU-stack
                0x0000000000000000        0x0 binaries/getc.o
 .note.GNU-stack
                0x0000000000000000        0x0 binaries/getdev.o
 .note.GNU-stack
                0x0000000000000000        0x0 binaries/getitem.o
 .note.GNU-stack
                0x0000000000000000        0x0 binaries/getmem.o
 .note.GNU-stack
                0x0000000000000000        0x0 binaries/getpid.o
 .note.GNU-stack
                0x0000000000000000        0x0 binaries/getprio.o
 .note.GNU-stack
                0x0000000000000000        0x0 binaries/getstk.o
 .note.GNU-stack
                0x0000000000000000        0x0 binaries/getticks.o
 .note.GNU-stack
                0x0000000000000000        0x0 binaries/gettime.o
 .note.GNU-stack
                0x0000000000000000        0x0 binaries/getutime.o
 .note.GNU-stack
                0x0000000000000000        0x0 binaries/i386.o
 .note.GNU-stack
                0x0000000000000000        0x0 binaries/init.o
 .note.GNU-stack
                0x0000000000000000        0x0 binaries/initialize.o
 .note.GNU-stack
                0x0000000000000000        0x0 binaries/insert.o
 .note.GNU-stack
                0x0000000000000000        0x0 binaries/insertd.o
 .note.GNU-stack
                0x0000000000000000        0x0 binaries/ioerr.o
 .note.GNU-stack
                0x0000000000000000        0x0 binaries/ionull.o
 .note.GNU-stack
                0x0000000000000000        0x0 binaries/kill.o
 .note.GNU-stack
                0x0000000000000000        0x0 binaries/kprintf.o
 .note.GNU-stack
                0x0000000000000000        0x0 binaries/main.o
 .note.GNU-stack
                0x0000000000000000        0x0 binaries/mark.o
 .note.GNU-stack
                0x0000000000000000        0x0 binaries/meminit.o
 .note.GNU-stack
                0x0000000000000000        0x0 binaries/mkbufpool.o
 .note.GNU-stack
                0x0000000000000000        0x0 binaries/newqueue.o
 .note.GNU-stack
                0x0000000000000000        0x0 binaries/open.o
 .note.GNU-stack
                0x0000000000000000        0x0 binaries/pagefault_handler.o
 .note.GNU-stack
                0x0000000000000000        0x0 binaries/paging.o
 .note.GNU-stack
                0x0000000000000000        0x0 binaries/panic.o
 .note.GNU-stack
                0x0000000000000000        0x0 binaries/pci.o
 .note.GNU-stack
                0x0000000000000000        0x0 binaries/ptclear.o
 .note.GNU-stack
                0x0000000000000000        0x0 binaries/ptcount.o
 .note.GNU-stack
                0x0000000000000000        0x0 binaries/ptcreate.o
 .note.GNU-stack
                0x0000000000000000        0x0 binaries/ptdelete.o
 .note.GNU-stack
                0x0000000000000000        0x0 binaries/ptinit.o
 .note.GNU-stack
                0x0000000000000000        0x0 binaries/ptrecv.o
 .note.GNU-stack
                0x0000000000000000        0x0 binaries/ptreset.o
 .note.GNU-stack
                0x0000000000000000        0x0 binaries/ptsend.o
 .note.GNU-stack
                0x0000000000000000        0x0 binaries/putc.o
 .note.GNU-stack
                0x0000000000000000        0x0 binaries/queue.o
 .note.GNU-stack
                0x0000000000000000        0x0 binaries/read.o
 .note.GNU-stack
                0x0000000000000000        0x0 binaries/ready.o
 .note.GNU-stack
                0x0000000000000000        0x0 binaries/receive.o
 .note.GNU-stack
                0x0000000000000000        0x0 binaries/recvclr.o
 .note.GNU-stack
                0x0000000000000000        0x0 binaries/recvtime.o
 .note.GNU-stack
                0x0000000000000000        0x0 binaries/resched.o
 .note.GNU-stack
                0x0000000000000000        0x0 binaries/resume.o
 .note.GNU-stack
                0x0000000000000000        0x0 binaries/seek.o
 .note.GNU-stack
                0x0000000000000000        0x0 binaries/semcount.o
 .note.GNU-stack
                0x0000000000000000        0x0 binaries/semcreate.o
 .note.GNU-stack
                0x0000000000000000        0x0 binaries/semdelete.o
 .note.GNU-stack
                0x0000000000000000        0x0 binaries/semreset.o
 .note.GNU-stack
                0x0000000000000000        0x0 binaries/send.o
 .note.GNU-stack
                0x0000000000000000        0x0 binaries/signal.o
 .note.GNU-stack
                0x0000000000000000        0x0 binaries/signaln.o
 .note.GNU-stack
                0x0000000000000000        0x0 binaries/sleep.o
 .note.GNU-stack
                0x0000000000000000        0x0 binaries/stacktrace.o
 .note.GNU-stack
                0x0000000000000000        0x0 binaries/suspend.o
 .note.GNU-stack
                0x0000000000000000        0x0 binaries/unsleep.o
 .note.GNU-stack
                0x0000000000000000        0x0 binaries/userret.o
 .note.GNU-stack
                0x0000000000000000        0x0 binaries/vcreate.o
 .note.GNU-stack
                0x0000000000000000        0x0 binaries/vfree.o
 .note.GNU-stack
                0x0000000000000000        0x0 binaries/vmalloc.o
 .note.GNU-stack
                0x0000000000000000        0x0 binaries/wait.o
 .note.GNU-stack
                0x0000000000000000        0x0 binaries/wakeup.o
 .note.GNU-stack
                0x0000000000000000        0x0 binaries/write.o
 .note.GNU-stack
                0x0000000000000000        0x0 binaries/xdone.o
 .note.GNU-stack
                0x0000000000000000        0x0 binaries/yield.o
 .note.GNU-stack
                0x0000000000000000        0x0 binaries/abs.o
 .note.GNU-stack
                0x0000000000000000        0x0 binaries/atoi.o
 .note.GNU-stack
                0x0000000000000000        0x0 binaries/atol.o
 .note.GNU-stack
                0x0000000000000000        0x0 binaries/bzero.o
 .note.GNU-stack
                0x0000000000000000        0x0 binaries/ctype_.o
 .note.GNU-stack
                0x0000000000000000        0x0 binaries/doprnt.o
 .note.GNU-stack
                0x0000000000000000        0x0 binaries/doscan.o
 .note.GNU-stack
                0x0000000000000000        0x0 binaries/fdoprnt.o
 .note.GNU-stack
                0x0000000000000000        0x0 binaries/fgetc.o
 .note.GNU-stack
                0x0000000000000000        0x0 binaries/fgets.o
 .note.GNU-stack
                0x0000000000000000        0x0 binaries/fprintf.o
 .note.GNU-stack
                0x0000000000000000        0x0 binaries/fputc.o
 .note.GNU-stack
                0x0000000000000000        0x0 binaries/fputs.o
 .note.GNU-stack
                0x0000000000000000        0x0 binaries/fscanf.o
 .note.GNU-stack
                0x0000000000000000        0x0 binaries/getchar.o
 .note.GNU-stack
                0x0000000000000000        0x0 binaries/labs.o
 .note.GNU-stack
                0x0000000000000000        0x0 binaries/memchr.o
 .note.GNU-stack
                0x0000000000000000        0x0 binaries/memcmp.o
 .note.GNU-stack
                0x0000000000000000        0x0 binaries/memcpy.o
 .note.GNU-stack
                0x0000000000000000        0x0 binaries/memset.o
 .note.GNU-stack
                0x0000000000000000        0x0 binaries/printf.o
 .note.GNU-stack
                0x0000000000000000        0x0 binaries/putchar.o
 .note.GNU-stack
                0x0000000000000000        0x0 binaries/qsort.o
 .note.GNU-stack
                0x0000000000000000        0x0 binaries/rand.o
 .note.GNU-stack
                0x0000000000000000        0x0 binaries/sprintf.o
 .note.GNU-stack
                0x0000000000000000        0x0 binaries/sscanf.o
 .note.GNU-stack
                0x0000000000000000        0x0 binaries/strchr.o
 .note.GNU-stack
                0x0000000000000000        0x0 binaries/strcmp.o
 .note.GNU-stack
                0x0000000000000000        0x0 binaries/strcpy.o
 .note.GNU-stack
                0x0000000000000000        0x0 binaries/strlen.o
 .note.GNU-stack
                0x0000000000000000        0x0 binaries/strncat.o
 .note.GNU-stack
                0x0000000000000000        0x0 binaries/strncmp.o
 .note.GNU-stack
                0x0000000000000000        0x0 binaries/strncpy.o
 .note.GNU-stack
                0x0000000000000000        0x0 binaries/strnlen.o
 .note.GNU-stack
                0x0000000000000000        0x0 binaries/strrchr.o
 .note.GNU-stack
                0x0000000000000000        0x0 binaries/strstr.o
 .note.GNU-stack
                0x0000000000000000        0x0 binaries/ttycontrol.o
 .note.GNU-stack
                0x0000000000000000        0x0 binaries/ttygetc.o
 .note.GNU-stack
                0x0000000000000000        0x0 binaries/ttyhandle_in.o
 .note.GNU-stack
                0x0000000000000000        0x0 binaries/ttyhandle_out.o
 .note.GNU-stack
                0x0000000000000000        0x0 binaries/ttyhandler.o
 .note.GNU-stack
                0x0000000000000000        0x0 binaries/ttyinit.o
 .note.GNU-stack
                0x0000000000000000        0x0 binaries/ttykickout.o
 .note.GNU-stack
                0x0000000000000000        0x0 binaries/ttyputc.o
 .note.GNU-stack
                0x0000000000000000        0x0 binaries/ttyread.o
 .note.GNU-stack
                0x0000000000000000        0x0 binaries/ttywrite.o
 .note.GNU-stack
                0x0000000000000000        0x0 binaries/mount.o
 .note.GNU-stack
                0x0000000000000000        0x0 binaries/naminit.o
 .note.GNU-stack
                0x0000000000000000        0x0 binaries/nammap.o
 .note.GNU-stack
                0x0000000000000000        0x0 binaries/namopen.o
 .note.GNU-stack
                0x0000000000000000        0x0 binaries/82545EMInit.o
 .note.GNU-stack
                0x0000000000000000        0x0 binaries/ethcontrol.o
 .note.GNU-stack
                0x0000000000000000        0x0 binaries/ethhandler.o
 .note.GNU-stack
                0x0000000000000000        0x0 binaries/ethinit.o
 .note.GNU-stack
                0x0000000000000000        0x0 binaries/ethread.o
 .note.GNU-stack
                0x0000000000000000        0x0 binaries/ethwrite.o
 .note.GNU-stack
                0x0000000000000000        0x0 binaries/rdsbufalloc.o
 .note.GNU-stack
                0x0000000000000000        0x0 binaries/rdsclose.o
 .note.GNU-stack
                0x0000000000000000        0x0 binaries/rdscomm.o
 .note.GNU-stack
                0x0000000000000000        0x0 binaries/rdscontrol.o
 .note.GNU-stack
                0x0000000000000000        0x0 binaries/rdsinit.o
 .note.GNU-stack
                0x0000000000000000        0x0 binaries/rdsopen.o
 .note.GNU-stack
                0x0000000000000000        0x0 binaries/rdsprocess.o
 .note.GNU-stack
                0x0000000000000000        0x0 binaries/rdsread.o
 .note.GNU-stack
                0x0000000000000000        0x0 binaries/rdswrite.o
 .note.GNU-stack
                0x0000000000000000        0x0 binaries/ramclose.o
 .note.GNU-stack
                0x0000000000000000        0x0 binaries/raminit.o
 .note.GNU-stack
                0x0000000000000000        0x0 binaries/ramopen.o
 .note.GNU-stack
                0x0000000000000000        0x0 binaries/ramread.o
 .note.GNU-stack
                0x0000000000000000        0x0 binaries/ramwrite.o
 .note.GNU-stack
                0x0000000000000000        0x0 binaries/lfdballoc.o
 .note.GNU-stack
                0x0000000000000000        0x0 binaries/lfdbfree.o
 .note.GNU-stack
                0x0000000000000000        0x0 binaries/lfflush.o
 .note.GNU-stack
                0x0000000000000000        0x0 binaries/lfgetmode.o
 .note.GNU-stack
                0x0000000000000000        0x0 binaries/lfiballoc.o
 .note.GNU-stack
                0x0000000000000000        0x0 binaries/lfibclear.o
 .note.GNU-stack
                0x0000000000000000        0x0 binaries/lfibget.o
 .note.GNU-stack
                0x0000000000000000        0x0 binaries/lfibput.o
 .note.GNU-stack
                0x0000000000000000        0x0 binaries/lflclose.o
 .note.GNU-stack
                0x0000000000000000        0x0 binaries/lflcontrol.o
 .note.GNU-stack
                0x0000000000000000        0x0 binaries/lflgetc.o
 .note.GNU-stack
                0x0000000000000000        0x0 binaries/lflinit.o
 .note.GNU-stack
                0x0000000000000000        0x0 binaries/lflputc.o
 .note.GNU-stack
                0x0000000000000000        0x0 binaries/lflread.o
 .note.GNU-stack
                0x0000000000000000        0x0 binaries/lflseek.o
 .note.GNU-stack
                0x0000000000000000        0x0 binaries/lflwrite.o
 .note.GNU-stack
                0x0000000000000000        0x0 binaries/lfscheck.o
 .note.GNU-stack
                0x0000000000000000        0x0 binaries/lfsckfmt.o
 .note.GNU-stack
                0x0000000000000000        0x0 binaries/lfscreate.o
 .note.GNU-stack
                0x0000000000000000        0x0 binaries/lfsetup.o
 .note.GNU-stack
                0x0000000000000000        0x0 binaries/lfsinit.o
 .note.GNU-stack
                0x0000000000000000        0x0 binaries/lfsopen.o
 .note.GNU-stack
                0x0000000000000000        0x0 binaries/lftruncate.o
 .note.GNU-stack
                0x0000000000000000        0x0 binaries/rflclose.o
 .note.GNU-stack
                0x0000000000000000        0x0 binaries/rflgetc.o
 .note.GNU-stack
                0x0000000000000000        0x0 binaries/rflinit.o
 .note.GNU-stack
                0x0000000000000000        0x0 binaries/rflputc.o
 .note.GNU-stack
                0x0000000000000000        0x0 binaries/rflread.o
 .note.GNU-stack
                0x0000000000000000        0x0 binaries/rflseek.o
 .note.GNU-stack
                0x0000000000000000        0x0 binaries/rflwrite.o
 .note.GNU-stack
                0x0000000000000000        0x0 binaries/rfscomm.o
 .note.GNU-stack
                0x0000000000000000        0x0 binaries/rfscontrol.o
 .note.GNU-stack
                0x0000000000000000        0x0 binaries/rfsgetmode.o
 .note.GNU-stack
                0x0000000000000000        0x0 binaries/rfsinit.o
 .note.GNU-stack
                0x0000000000000000        0x0 binaries/rfsndmsg.o
 .note.GNU-stack
                0x0000000000000000        0x0 binaries/rfsopen.o
 .note.GNU-stack
                0x0000000000000000        0x0 binaries/arp.o
 .note.GNU-stack
                0x0000000000000000        0x0 binaries/dhcp.o
 .note.GNU-stack
                0x0000000000000000        0x0 binaries/dns.o
 .note.GNU-stack
                0x0000000000000000        0x0 binaries/dot2ip.o
 .note.GNU-stack
                0x0000000000000000        0x0 binaries/hexdump.o
 .note.GNU-stack
                0x0000000000000000        0x0 binaries/icmp.o
 .note.GNU-stack
                0x0000000000000000        0x0 binaries/ip.o
 .note.GNU-stack
                0x0000000000000000        0x0 binaries/net.o
 .note.GNU-stack
                0x0000000000000000        0x0 binaries/pdump.o
 .note.GNU-stack
                0x0000000000000000        0x0 binaries/tftp.o
 .note.GNU-stack
                0x0000000000000000        0x0 binaries/udp.o
 .note.GNU-stack
                0x0000000000000000        0x0 binaries/addargs.o
 .note.GNU-stack
                0x0000000000000000        0x0 binaries/lexan.o
 .note.GNU-stack
                0x0000000000000000        0x0 binaries/shell.o
 .note.GNU-stack
                0x0000000000000000        0x0 binaries/xsh_argecho.o
 .note.GNU-stack
                0x0000000000000000        0x0 binaries/xsh_arp.o
 .note.GNU-stack
                0x0000000000000000        0x0 binaries/xsh_cat.o
 .note.GNU-stack
                0x0000000000000000        0x0 binaries/xsh_clear.o
 .note.GNU-stack
                0x0000000000000000        0x0 binaries/xsh_date.o
 .note.GNU-stack
                0x0000000000000000        0x0 binaries/xsh_devdump.o
 .note.GNU-stack
                0x0000000000000000        0x0 binaries/xsh_echo.o
 .note.GNU-stack
                0x0000000000000000        0x0 binaries/xsh_exit.o
 .note.GNU-stack
                0x0000000000000000        0x0 binaries/xsh_help.o
 .note.GNU-stack
                0x0000000000000000        0x0 binaries/xsh_kill.o
 .note.GNU-stack
                0x0000000000000000        0x0 binaries/xsh_memdump.o
 .note.GNU-stack
                0x0000000000000000        0x0 binaries/xsh_memstat.o
 .note.GNU-stack
                0x0000000000000000        0x0 binaries/xsh_netinfo.o
 .note.GNU-stack
                0x0000000000000000        0x0 binaries/xsh_ping.o
 .note.GNU-stack
                0x0000000000000000        0x0 binaries/xsh_ps.o
 .note.GNU-stack
                0x0000000000000000        0x0 binaries/xsh_sleep.o
 .note.GNU-stack
                0x0000000000000000        0x0 binaries/xsh_udpdump.o
 .note.GNU-stack
                0x0000000000000000        0x0 binaries/xsh_udpecho.o
 .note.GNU-stack
                0x0000000000000000        0x0 binaries/xsh_udpserver.o
 .note.GNU-stack
                0x0000000000000000        0x0 binaries/xsh_uptime.o
